
Discarded input sections

 .group         0x00000000        0xc build/main.o
 .group         0x00000000        0xc build/main.o
 .group         0x00000000        0xc build/main.o
 .text          0x00000000        0x0 build/main.o
 .data          0x00000000        0x0 build/main.o
 .bss           0x00000000        0x0 build/main.o
 .text          0x00000000        0x0 build/startup.o
 .data          0x00000000        0x0 build/startup.o
 .bss           0x00000000        0x0 build/startup.o

Memory Configuration

Name             Origin             Length             Attributes
FLASH            0x08000000         0x00010000         xr
RAM              0x20000000         0x00005000         xrw
*default*        0x00000000         0xffffffff

Linker script and memory map

LOAD build/main.o
LOAD build/startup.o
LOAD /usr/lib/gcc/arm-none-eabi/14.2.1/thumb/v7-m/nofp/libgcc.a
                0x20005000                        _estack = (ORIGIN (RAM) + LENGTH (RAM))

.isr_vector     0x08000000       0xec
 *(.isr_vector)
 .isr_vector    0x08000000       0xec build/startup.o
                0x08000000                g_vectors

.text           0x080000ec      0x120
 *(.text*)
 .text.startup.main
                0x080000ec       0xdc build/main.o
                0x080000ec                main
 .text.Reset_Handler
                0x080001c8       0x40 build/startup.o
                0x080001c8                Reset_Handler
 .text.Default_Handler
                0x08000208        0x2 build/startup.o
 *(.rodata*)
                0x0800020c                        . = ALIGN (0x4)
 *fill*         0x0800020a        0x2 

.glue_7         0x0800020c        0x0
 .glue_7        0x0800020c        0x0 linker stubs

.glue_7t        0x0800020c        0x0
 .glue_7t       0x0800020c        0x0 linker stubs

.vfp11_veneer   0x0800020c        0x0
 .vfp11_veneer  0x0800020c        0x0 linker stubs

.v4_bx          0x0800020c        0x0
 .v4_bx         0x0800020c        0x0 linker stubs

.iplt           0x0800020c        0x0
 .iplt          0x0800020c        0x0 build/startup.o

.rel.dyn        0x0800020c        0x0
 .rel.iplt      0x0800020c        0x0 build/startup.o

.ARM.extab
 *(.ARM.extab*)

.ARM.exidx
 *(.ARM.exidx*)

.data           0x20000000        0x0 load address 0x0800020c
                0x20000000                        . = ALIGN (0x4)
                0x20000000                        _sdata = .
 *(.data*)
                0x20000000                        . = ALIGN (0x4)
                0x20000000                        _edata = .
                0x0800020c                        _sidata = LOADADDR (.data)

.igot.plt       0x20000000        0x0 load address 0x0800020c
 .igot.plt      0x20000000        0x0 build/startup.o

.bss            0x20000000        0x0 load address 0x0800020c
                0x20000000                        . = ALIGN (0x4)
                0x20000000                        _sbss = .
 *(.bss*)
 *(COMMON)
                0x20000000                        . = ALIGN (0x4)
                0x20000000                        _ebss = .
                0x00000001                        ASSERT ((_ebss <= (_estack - 0x400)), Khong du 1 KB cho stack)
OUTPUT(build/bai04.elf elf32-littlearm)
LOAD linker stubs

.debug_info     0x00000000      0x265
 .debug_info    0x00000000      0x228 build/main.o
 .debug_info    0x00000228       0x3d build/startup.o

.debug_abbrev   0x00000000      0x183
 .debug_abbrev  0x00000000      0x15d build/main.o
 .debug_abbrev  0x0000015d       0x26 build/startup.o

.debug_loclists
                0x00000000      0x1f0
 .debug_loclists
                0x00000000      0x1f0 build/main.o

.debug_aranges  0x00000000       0x48
 .debug_aranges
                0x00000000       0x20 build/main.o
 .debug_aranges
                0x00000020       0x28 build/startup.o

.debug_rnglists
                0x00000000       0x85
 .debug_rnglists
                0x00000000       0x6c build/main.o
 .debug_rnglists
                0x0000006c       0x19 build/startup.o

.debug_macro    0x00000000      0xe83
 .debug_macro   0x00000000       0x5f build/main.o
 .debug_macro   0x0000005f      0xac6 build/main.o
 .debug_macro   0x00000b25      0x34e build/main.o
 .debug_macro   0x00000e73       0x10 build/main.o

.debug_line     0x00000000      0x27c
 .debug_line    0x00000000      0x211 build/main.o
 .debug_line    0x00000211       0x6b build/startup.o

.debug_str      0x00000000     0x3983
 .debug_str     0x00000000     0x3983 build/main.o
                               0x3aaf (size before relaxing)
 .debug_str     0x00003983        0x0 build/startup.o
                                 0x5d (size before relaxing)

.comment        0x00000000       0x26
 .comment       0x00000000       0x26 build/main.o
                                 0x27 (size before relaxing)

.ARM.attributes
                0x00000000       0x2b
 .ARM.attributes
                0x00000000       0x2d build/main.o
 .ARM.attributes
                0x0000002d       0x21 build/startup.o

.note.GNU-stack
                0x00000000        0x0
 .note.GNU-stack
                0x00000000        0x0 build/startup.o

.debug_frame    0x00000000       0x38
 .debug_frame   0x00000000       0x38 build/main.o

.debug_line_str
                0x00000000       0x30
 .debug_line_str
                0x00000000       0x30 build/startup.o
